========================================================================
Task1 目标检测训练
数据集：/root/2026Summer/Task1/dataset_XBY
输出目录：/root/2026Summer/Task1/experiments/yolov8n_XBY_phone_keyboard_bottle_640x480_batch16
[数据] 训练图片：488，验证图片：90，测试图片：104
[数据] 标准框：2370，多边形转框：1，非法标签行：0
[数据] 规范化配置：/root/2026Summer/Task1/experiments/yolov8n_XBY_phone_keyboard_bottle_640x480_batch16/configs/normalized_data.yaml
[训练] 模型：yolov8n.pt
[训练] 输入尺寸：480x640，GPU：0，batch：16
Ultralytics 8.4.127 🚀 Python-3.10.12 torch-2.5.1+cu124 CUDA:0 (NVIDIA GeForce RTX 4060, 8188MiB)
[34m[1mengine/trainer: [0magnostic_nms=False, amp=True, angle=1.0, augment=False, auto_augment=randaugment, batch=16, bgr=0.0, box=7.5, cache=False, cfg=None, channels_last=False, classes=None, close_mosaic=10, cls=0.5, cls_pw=0.0, cls_remap=True, compile=False, conf=None, copy_paste=0.0, copy_paste_mode=flip, cos_lr=False, cutmix=0.0, data=/root/2026Summer/Task1/experiments/yolov8n_XBY_phone_keyboard_bottle_640x480_batch16/configs/normalized_data.yaml, degrees=7.0, deterministic=True, device=0, dfl=1.5, dgrad=0.5, dis=6.0, distill_model=None, dlam=1.0, dlog=1.0, dnn=False, dropout=0.0, dynamic=False, embed=None, end2end=None, epochs=100, erasing=0.4, exist_ok=True, fliplr=0.5, flipud=0.0, format=torchscript, fraction=1.0, freeze=None, hsv_h=0.015, hsv_s=0.5, hsv_v=0.4, imgsz=[480, 640], iou=0.7, keras=False, kobj=1.0, line_width=None, lr0=0.01, lrf=0.01, mask_ratio=4, max_det=300, mixup=0.0, mode=train, model=yolov8n.pt, momentum=0.937, mosaic=0.5, multi_scale=0.0, name=yolov8n_XBY_phone_keyboard_bottle_640x480_batch16, nbs=64, nms=False, opset=None, optimize=False, optimizer=auto, overlap_mask=True, patience=30, perspective=0.0005, plots=True, pose=12.0, pretrained=True, profile=False, project=/root/2026Summer/Task1/experiments, quantize=None, rect=False, resume=False, retina_masks=False, rle=1.0, save=True, save_conf=False, save_crop=False, save_dir=/root/2026Summer/Task1/experiments/yolov8n_XBY_phone_keyboard_bottle_640x480_batch16, save_frames=False, save_json=False, save_period=-1, save_txt=False, scale=0.3, seed=42, shear=2.0, show=False, show_boxes=True, show_conf=True, show_labels=True, simplify=True, single_cls=False, source=None, split=val, stream_buffer=False, task=detect, time=None, tracker=tracktrack.yaml, translate=0.08, val=True, verbose=True, vid_stride=1, visualize=False, warmup_bias_lr=0.1, warmup_epochs=3.0, warmup_momentum=0.8, weight_decay=0.0005, workers=4, workspace=None
Overriding model.yaml nc=80 with nc=3

                   from  n    params  module                                       arguments                     
  0                  -1  1       464  ultralytics.nn.modules.conv.Conv             [3, 16, 3, 2]                 
  1                  -1  1      4672  ultralytics.nn.modules.conv.Conv             [16, 32, 3, 2]                
  2                  -1  1      7360  ultralytics.nn.modules.block.C2f             [32, 32, 1, True]             
  3                  -1  1     18560  ultralytics.nn.modules.conv.Conv             [32, 64, 3, 2]                
  4                  -1  2     49664  ultralytics.nn.modules.block.C2f             [64, 64, 2, True]             
  5                  -1  1     73984  ultralytics.nn.modules.conv.Conv             [64, 128, 3, 2]               
  6                  -1  2    197632  ultralytics.nn.modules.block.C2f             [128, 128, 2, True]           
  7                  -1  1    295424  ultralytics.nn.modules.conv.Conv             [128, 256, 3, 2]              
  8                  -1  1    460288  ultralytics.nn.modules.block.C2f             [256, 256, 1, True]           
  9                  -1  1    164608  ultralytics.nn.modules.block.SPPF            [256, 256, 5]                 
 10                  -1  1         0  torch.nn.modules.upsampling.Upsample         [None, 2, 'nearest']          
 11             [-1, 6]  1         0  ultralytics.nn.modules.conv.Concat           [1]                           
 12                  -1  1    148224  ultralytics.nn.modules.block.C2f             [384, 128, 1]                 
 13                  -1  1         0  torch.nn.modules.upsampling.Upsample         [None, 2, 'nearest']          
 14             [-1, 4]  1         0  ultralytics.nn.modules.conv.Concat           [1]                           
 15                  -1  1     37248  ultralytics.nn.modules.block.C2f             [192, 64, 1]                  
 16                  -1  1     36992  ultralytics.nn.modules.conv.Conv             [64, 64, 3, 2]                
 17            [-1, 12]  1         0  ultralytics.nn.modules.conv.Concat           [1]                           
 18                  -1  1    123648  ultralytics.nn.modules.block.C2f             [192, 128, 1]                 
 19                  -1  1    147712  ultralytics.nn.modules.conv.Conv             [128, 128, 3, 2]              
 20             [-1, 9]  1         0  ultralytics.nn.modules.conv.Concat           [1]                           
 21                  -1  1    493056  ultralytics.nn.modules.block.C2f             [384, 256, 1]                 
 22        [15, 18, 21]  1    751897  ultralytics.nn.modules.head.Detect           [3, 16, None, [64, 128, 256]] 
Model summary: 130 layers, 3,011,433 parameters, 3,011,417 gradients, 8.2 GFLOPs

Remapped 2/3 cls head rows from pretrained weights by class name
Transferred 322/355 items from pretrained weights
Freezing layer 'model.22.dfl.conv.weight'
[34m[1mAMP: [0mrunning Automatic Mixed Precision (AMP) checks...
[34m[1mAMP: [0mchecks passed ✅
WARNING ⚠️ updating to 'imgsz=640'. 'train' and 'val' imgsz must be an integer, while 'predict' and 'export' imgsz may be a [h, w] list or an integer, i.e. 'yolo export imgsz=640,480' or 'yolo export imgsz=640'
[34m[1mtrain: [0mFast image access ✅ (ping: 0.0±0.0 ms, read: 3536.9±402.8 MB/s, size: 2777.6 KB)

[34m[1mtrain: [0mNew cache created: /root/2026Summer/Task1/experiments/yolov8n_XBY_phone_keyboard_bottle_640x480_batch16/normalized_dataset/train/labels.cache
[34m[1mval: [0mFast image access ✅ (ping: 0.1±0.2 ms, read: 1705.5±646.5 MB/s, size: 2946.4 KB)

[34m[1mval: [0mNew cache created: /root/2026Summer/Task1/experiments/yolov8n_XBY_phone_keyboard_bottle_640x480_batch16/normalized_dataset/valid/labels.cache
[34m[1moptimizer:[0m 'optimizer=auto' found, ignoring 'lr0=0.01' and 'momentum=0.937' and determining best 'optimizer', 'lr0' and 'momentum' automatically... 
[34m[1moptimizer:[0m AdamW(lr=0.001429, momentum=0.9) with parameter groups 57 weight(decay=0.0), 64 weight(decay=0.0005), 63 bias(decay=0.0)
Plotting labels to /root/2026Summer/Task1/experiments/yolov8n_XBY_phone_keyboard_bottle_640x480_batch16/labels.jpg... 
Image sizes 640 train, 640 val
Using 4 dataloader workers
Logging results to [1m/root/2026Summer/Task1/experiments/yolov8n_XBY_phone_keyboard_bottle_640x480_batch16[0m
Starting training for 100 epochs...

      Epoch    GPU_mem   box_loss   cls_loss   dfl_loss  Instances       Size


                   all         90        347      0.582      0.363       0.42      0.276
[训练进度] epoch 1/100 mAP50=0.4198 mAP50-95=0.2760

      Epoch    GPU_mem   box_loss   cls_loss   dfl_loss  Instances       Size


                   all         90        347      0.846       0.54      0.798      0.498
[训练进度] epoch 2/100 mAP50=0.7976 mAP50-95=0.4979

      Epoch    GPU_mem   box_loss   cls_loss   dfl_loss  Instances       Size


                   all         90        347      0.728      0.437      0.663      0.429
[训练进度] epoch 3/100 mAP50=0.6627 mAP50-95=0.4290

      Epoch    GPU_mem   box_loss   cls_loss   dfl_loss  Instances       Size


                   all         90        347      0.624      0.684      0.637      0.399
[训练进度] epoch 4/100 mAP50=0.6372 mAP50-95=0.3987

      Epoch    GPU_mem   box_loss   cls_loss   dfl_loss  Instances       Size


                   all         90        347      0.918      0.875      0.931      0.649
[训练进度] epoch 5/100 mAP50=0.9310 mAP50-95=0.6485

      Epoch    GPU_mem   box_loss   cls_loss   dfl_loss  Instances       Size


                   all         90        347      0.922       0.84      0.909      0.588
[训练进度] epoch 6/100 mAP50=0.9087 mAP50-95=0.5879

      Epoch    GPU_mem   box_loss   cls_loss   dfl_loss  Instances       Size


                   all         90        347      0.792      0.751       0.83      0.548
[训练进度] epoch 7/100 mAP50=0.8304 mAP50-95=0.5484

      Epoch    GPU_mem   box_loss   cls_loss   dfl_loss  Instances       Size


                   all         90        347      0.849      0.717      0.844      0.573
[训练进度] epoch 8/100 mAP50=0.8441 mAP50-95=0.5730

      Epoch    GPU_mem   box_loss   cls_loss   dfl_loss  Instances       Size


                   all         90        347      0.869       0.85      0.905      0.578
[训练进度] epoch 9/100 mAP50=0.9054 mAP50-95=0.5780

      Epoch    GPU_mem   box_loss   cls_loss   dfl_loss  Instances       Size


                   all         90        347      0.889      0.877      0.911       0.63
[训练进度] epoch 10/100 mAP50=0.9110 mAP50-95=0.6296

      Epoch    GPU_mem   box_loss   cls_loss   dfl_loss  Instances       Size


                   all         90        347      0.862      0.801      0.877      0.576
[训练进度] epoch 11/100 mAP50=0.8769 mAP50-95=0.5758

      Epoch    GPU_mem   box_loss   cls_loss   dfl_loss  Instances       Size


                   all         90        347      0.933      0.822      0.926      0.637
[训练进度] epoch 12/100 mAP50=0.9255 mAP50-95=0.6374

      Epoch    GPU_mem   box_loss   cls_loss   dfl_loss  Instances       Size


                   all         90        347      0.879      0.891      0.928       0.64
[训练进度] epoch 13/100 mAP50=0.9276 mAP50-95=0.6400

      Epoch    GPU_mem   box_loss   cls_loss   dfl_loss  Instances       Size


                   all         90        347      0.879      0.877      0.922      0.649
[训练进度] epoch 14/100 mAP50=0.9217 mAP50-95=0.6491

      Epoch    GPU_mem   box_loss   cls_loss   dfl_loss  Instances       Size


                   all         90        347      0.943      0.821      0.926      0.641
[训练进度] epoch 15/100 mAP50=0.9255 mAP50-95=0.6407

      Epoch    GPU_mem   box_loss   cls_loss   dfl_loss  Instances       Size


                   all         90        347      0.891      0.845      0.917      0.665
[训练进度] epoch 16/100 mAP50=0.9168 mAP50-95=0.6651

      Epoch    GPU_mem   box_loss   cls_loss   dfl_loss  Instances       Size


                   all         90        347      0.918      0.868      0.895      0.611
[训练进度] epoch 17/100 mAP50=0.8952 mAP50-95=0.6109

      Epoch    GPU_mem   box_loss   cls_loss   dfl_loss  Instances       Size


                   all         90        347      0.918      0.909      0.974       0.65
[训练进度] epoch 18/100 mAP50=0.9739 mAP50-95=0.6500

      Epoch    GPU_mem   box_loss   cls_loss   dfl_loss  Instances       Size


                   all         90        347      0.947      0.889      0.978      0.702
[训练进度] epoch 19/100 mAP50=0.9778 mAP50-95=0.7021

      Epoch    GPU_mem   box_loss   cls_loss   dfl_loss  Instances       Size


                   all         90        347      0.945      0.882      0.946      0.663
[训练进度] epoch 20/100 mAP50=0.9458 mAP50-95=0.6633

      Epoch    GPU_mem   box_loss   cls_loss   dfl_loss  Instances       Size


                   all         90        347      0.905       0.92      0.957       0.65
[训练进度] epoch 21/100 mAP50=0.9566 mAP50-95=0.6502

      Epoch    GPU_mem   box_loss   cls_loss   dfl_loss  Instances       Size


                   all         90        347      0.916      0.915      0.937      0.673
[训练进度] epoch 22/100 mAP50=0.9368 mAP50-95=0.6730

      Epoch    GPU_mem   box_loss   cls_loss   dfl_loss  Instances       Size


                   all         90        347      0.874      0.808       0.93      0.671
[训练进度] epoch 23/100 mAP50=0.9297 mAP50-95=0.6708

      Epoch    GPU_mem   box_loss   cls_loss   dfl_loss  Instances       Size


                   all         90        347      0.947      0.879       0.95       0.68
[训练进度] epoch 24/100 mAP50=0.9496 mAP50-95=0.6797

      Epoch    GPU_mem   box_loss   cls_loss   dfl_loss  Instances       Size


                   all         90        347      0.926      0.933      0.966      0.697
[训练进度] epoch 25/100 mAP50=0.9659 mAP50-95=0.6967

      Epoch    GPU_mem   box_loss   cls_loss   dfl_loss  Instances       Size


                   all         90        347      0.926      0.909       0.97      0.688
[训练进度] epoch 26/100 mAP50=0.9705 mAP50-95=0.6883

      Epoch    GPU_mem   box_loss   cls_loss   dfl_loss  Instances       Size


                   all         90        347      0.919      0.902      0.958      0.691
[训练进度] epoch 27/100 mAP50=0.9584 mAP50-95=0.6914

      Epoch    GPU_mem   box_loss   cls_loss   dfl_loss  Instances       Size


                   all         90        347      0.955      0.904      0.972      0.681
[训练进度] epoch 28/100 mAP50=0.9720 mAP50-95=0.6810

      Epoch    GPU_mem   box_loss   cls_loss   dfl_loss  Instances       Size


                   all         90        347      0.885      0.874      0.928      0.661
[训练进度] epoch 29/100 mAP50=0.9278 mAP50-95=0.6615

      Epoch    GPU_mem   box_loss   cls_loss   dfl_loss  Instances       Size


                   all         90        347      0.926      0.922      0.968      0.712
[训练进度] epoch 30/100 mAP50=0.9676 mAP50-95=0.7121

      Epoch    GPU_mem   box_loss   cls_loss   dfl_loss  Instances       Size


                   all         90        347      0.928      0.967       0.97      0.693
[训练进度] epoch 31/100 mAP50=0.9701 mAP50-95=0.6935

      Epoch    GPU_mem   box_loss   cls_loss   dfl_loss  Instances       Size


                   all         90        347      0.958      0.899      0.972      0.688
[训练进度] epoch 32/100 mAP50=0.9717 mAP50-95=0.6876

      Epoch    GPU_mem   box_loss   cls_loss   dfl_loss  Instances       Size


                   all         90        347      0.956      0.927       0.97      0.678
[训练进度] epoch 33/100 mAP50=0.9697 mAP50-95=0.6785

      Epoch    GPU_mem   box_loss   cls_loss   dfl_loss  Instances       Size


                   all         90        347      0.933      0.913      0.972      0.702
[训练进度] epoch 34/100 mAP50=0.9723 mAP50-95=0.7015

      Epoch    GPU_mem   box_loss   cls_loss   dfl_loss  Instances       Size


                   all         90        347      0.946      0.899      0.972      0.705
[训练进度] epoch 35/100 mAP50=0.9718 mAP50-95=0.7049

      Epoch    GPU_mem   box_loss   cls_loss   dfl_loss  Instances       Size


                   all         90        347      0.952      0.906      0.961      0.684
[训练进度] epoch 36/100 mAP50=0.9611 mAP50-95=0.6835

      Epoch    GPU_mem   box_loss   cls_loss   dfl_loss  Instances       Size


                   all         90        347      0.925      0.924      0.974      0.712
[训练进度] epoch 37/100 mAP50=0.9743 mAP50-95=0.7119

      Epoch    GPU_mem   box_loss   cls_loss   dfl_loss  Instances       Size


                   all         90        347      0.933      0.943      0.943      0.685
[训练进度] epoch 38/100 mAP50=0.9431 mAP50-95=0.6849

      Epoch    GPU_mem   box_loss   cls_loss   dfl_loss  Instances       Size


                   all         90        347      0.954      0.903      0.959      0.715
[训练进度] epoch 39/100 mAP50=0.9595 mAP50-95=0.7148

      Epoch    GPU_mem   box_loss   cls_loss   dfl_loss  Instances       Size


                   all         90        347      0.932      0.925      0.961      0.711
[训练进度] epoch 40/100 mAP50=0.9608 mAP50-95=0.7113

      Epoch    GPU_mem   box_loss   cls_loss   dfl_loss  Instances       Size


                   all         90        347      0.941      0.934       0.97      0.693
[训练进度] epoch 41/100 mAP50=0.9702 mAP50-95=0.6927

      Epoch    GPU_mem   box_loss   cls_loss   dfl_loss  Instances       Size


                   all         90        347      0.914      0.952      0.976       0.68
[训练进度] epoch 42/100 mAP50=0.9761 mAP50-95=0.6801

      Epoch    GPU_mem   box_loss   cls_loss   dfl_loss  Instances       Size


                   all         90        347      0.969      0.904      0.965      0.681
[训练进度] epoch 43/100 mAP50=0.9649 mAP50-95=0.6805

      Epoch    GPU_mem   box_loss   cls_loss   dfl_loss  Instances       Size


                   all         90        347      0.956      0.916      0.962      0.683
[训练进度] epoch 44/100 mAP50=0.9616 mAP50-95=0.6830

      Epoch    GPU_mem   box_loss   cls_loss   dfl_loss  Instances       Size


                   all         90        347      0.917      0.967      0.961        0.7
[训练进度] epoch 45/100 mAP50=0.9615 mAP50-95=0.6997

      Epoch    GPU_mem   box_loss   cls_loss   dfl_loss  Instances       Size


                   all         90        347      0.915       0.95       0.96      0.675
[训练进度] epoch 46/100 mAP50=0.9596 mAP50-95=0.6753

      Epoch    GPU_mem   box_loss   cls_loss   dfl_loss  Instances       Size


                   all         90        347      0.953      0.932      0.966      0.681
[训练进度] epoch 47/100 mAP50=0.9657 mAP50-95=0.6814

      Epoch    GPU_mem   box_loss   cls_loss   dfl_loss  Instances       Size


                   all         90        347      0.939      0.936      0.964      0.675
[训练进度] epoch 48/100 mAP50=0.9642 mAP50-95=0.6750

      Epoch    GPU_mem   box_loss   cls_loss   dfl_loss  Instances       Size


                   all         90        347      0.923      0.971      0.966      0.713
[训练进度] epoch 49/100 mAP50=0.9660 mAP50-95=0.7133

      Epoch    GPU_mem   box_loss   cls_loss   dfl_loss  Instances       Size


                   all         90        347      0.964      0.863      0.941      0.687
[训练进度] epoch 50/100 mAP50=0.9414 mAP50-95=0.6873

      Epoch    GPU_mem   box_loss   cls_loss   dfl_loss  Instances       Size


                   all         90        347      0.944      0.957      0.962      0.682
[训练进度] epoch 51/100 mAP50=0.9617 mAP50-95=0.6822

      Epoch    GPU_mem   box_loss   cls_loss   dfl_loss  Instances       Size


                   all         90        347      0.954      0.913      0.962      0.715
[训练进度] epoch 52/100 mAP50=0.9623 mAP50-95=0.7151

      Epoch    GPU_mem   box_loss   cls_loss   dfl_loss  Instances       Size


                   all         90        347      0.938      0.919      0.975       0.72
[训练进度] epoch 53/100 mAP50=0.9746 mAP50-95=0.7196

      Epoch    GPU_mem   box_loss   cls_loss   dfl_loss  Instances       Size


                   all         90        347      0.945      0.924      0.982      0.718
[训练进度] epoch 54/100 mAP50=0.9817 mAP50-95=0.7179

      Epoch    GPU_mem   box_loss   cls_loss   dfl_loss  Instances       Size


                   all         90        347        0.9      0.969      0.976      0.718
[训练进度] epoch 55/100 mAP50=0.9761 mAP50-95=0.7183

      Epoch    GPU_mem   box_loss   cls_loss   dfl_loss  Instances       Size


                   all         90        347       0.93      0.923      0.967      0.685
[训练进度] epoch 56/100 mAP50=0.9667 mAP50-95=0.6850

      Epoch    GPU_mem   box_loss   cls_loss   dfl_loss  Instances       Size


                   all         90        347      0.894      0.956      0.973      0.677
[训练进度] epoch 57/100 mAP50=0.9735 mAP50-95=0.6767

      Epoch    GPU_mem   box_loss   cls_loss   dfl_loss  Instances       Size


                   all         90        347      0.923      0.968      0.979      0.714
[训练进度] epoch 58/100 mAP50=0.9791 mAP50-95=0.7136

      Epoch    GPU_mem   box_loss   cls_loss   dfl_loss  Instances       Size


                   all         90        347      0.915      0.941      0.975      0.722
[训练进度] epoch 59/100 mAP50=0.9746 mAP50-95=0.7223

      Epoch    GPU_mem   box_loss   cls_loss   dfl_loss  Instances       Size


                   all         90        347      0.955       0.89      0.972      0.724
[训练进度] epoch 60/100 mAP50=0.9719 mAP50-95=0.7242

      Epoch    GPU_mem   box_loss   cls_loss   dfl_loss  Instances       Size


                   all         90        347      0.932      0.927      0.978      0.715
[训练进度] epoch 61/100 mAP50=0.9783 mAP50-95=0.7147

      Epoch    GPU_mem   box_loss   cls_loss   dfl_loss  Instances       Size


                   all         90        347      0.921      0.946      0.975      0.711
[训练进度] epoch 62/100 mAP50=0.9747 mAP50-95=0.7111

      Epoch    GPU_mem   box_loss   cls_loss   dfl_loss  Instances       Size


                   all         90        347      0.917      0.921      0.971      0.697
[训练进度] epoch 63/100 mAP50=0.9705 mAP50-95=0.6970

      Epoch    GPU_mem   box_loss   cls_loss   dfl_loss  Instances       Size


                   all         90        347      0.921      0.907      0.963      0.693
[训练进度] epoch 64/100 mAP50=0.9634 mAP50-95=0.6933

      Epoch    GPU_mem   box_loss   cls_loss   dfl_loss  Instances       Size


                   all         90        347      0.927      0.896      0.956      0.693
[训练进度] epoch 65/100 mAP50=0.9564 mAP50-95=0.6931

      Epoch    GPU_mem   box_loss   cls_loss   dfl_loss  Instances       Size


                   all         90        347      0.878      0.975      0.972      0.708
[训练进度] epoch 66/100 mAP50=0.9721 mAP50-95=0.7079

      Epoch    GPU_mem   box_loss   cls_loss   dfl_loss  Instances       Size


                   all         90        347      0.905      0.948      0.974      0.691
[训练进度] epoch 67/100 mAP50=0.9738 mAP50-95=0.6910

      Epoch    GPU_mem   box_loss   cls_loss   dfl_loss  Instances       Size


                   all         90        347      0.971      0.903      0.979      0.721
[训练进度] epoch 68/100 mAP50=0.9791 mAP50-95=0.7210

      Epoch    GPU_mem   box_loss   cls_loss   dfl_loss  Instances       Size


                   all         90        347      0.941      0.911      0.974      0.728
[训练进度] epoch 69/100 mAP50=0.9735 mAP50-95=0.7281

      Epoch    GPU_mem   box_loss   cls_loss   dfl_loss  Instances       Size


                   all         90        347      0.941      0.879      0.971      0.731
[训练进度] epoch 70/100 mAP50=0.9712 mAP50-95=0.7309

      Epoch    GPU_mem   box_loss   cls_loss   dfl_loss  Instances       Size


                   all         90        347      0.943      0.902      0.968      0.731
[训练进度] epoch 71/100 mAP50=0.9677 mAP50-95=0.7311

      Epoch    GPU_mem   box_loss   cls_loss   dfl_loss  Instances       Size


                   all         90        347      0.859      0.955      0.963      0.718
[训练进度] epoch 72/100 mAP50=0.9634 mAP50-95=0.7184

      Epoch    GPU_mem   box_loss   cls_loss   dfl_loss  Instances       Size


                   all         90        347      0.897      0.909      0.965      0.718
[训练进度] epoch 73/100 mAP50=0.9654 mAP50-95=0.7182

      Epoch    GPU_mem   box_loss   cls_loss   dfl_loss  Instances       Size


                   all         90        347      0.907      0.956      0.971      0.723
[训练进度] epoch 74/100 mAP50=0.9708 mAP50-95=0.7234

      Epoch    GPU_mem   box_loss   cls_loss   dfl_loss  Instances       Size


                   all         90        347      0.937      0.939      0.979       0.74
[训练进度] epoch 75/100 mAP50=0.9793 mAP50-95=0.7405

      Epoch    GPU_mem   box_loss   cls_loss   dfl_loss  Instances       Size


                   all         90        347      0.921      0.916      0.974      0.735
[训练进度] epoch 76/100 mAP50=0.9738 mAP50-95=0.7346

      Epoch    GPU_mem   box_loss   cls_loss   dfl_loss  Instances       Size


                   all         90        347       0.89      0.961      0.979      0.734
[训练进度] epoch 77/100 mAP50=0.9791 mAP50-95=0.7339

      Epoch    GPU_mem   box_loss   cls_loss   dfl_loss  Instances       Size


                   all         90        347       0.96      0.875      0.979      0.741
[训练进度] epoch 78/100 mAP50=0.9790 mAP50-95=0.7408

      Epoch    GPU_mem   box_loss   cls_loss   dfl_loss  Instances       Size


                   all         90        347      0.934       0.92      0.979      0.736
[训练进度] epoch 79/100 mAP50=0.9795 mAP50-95=0.7360

      Epoch    GPU_mem   box_loss   cls_loss   dfl_loss  Instances       Size


                   all         90        347       0.95      0.909      0.975      0.713
[训练进度] epoch 80/100 mAP50=0.9745 mAP50-95=0.7129

      Epoch    GPU_mem   box_loss   cls_loss   dfl_loss  Instances       Size


                   all         90        347      0.945      0.916      0.974      0.725
[训练进度] epoch 81/100 mAP50=0.9743 mAP50-95=0.7251

      Epoch    GPU_mem   box_loss   cls_loss   dfl_loss  Instances       Size


                   all         90        347      0.926      0.917      0.974      0.721
[训练进度] epoch 82/100 mAP50=0.9742 mAP50-95=0.7210

      Epoch    GPU_mem   box_loss   cls_loss   dfl_loss  Instances       Size


                   all         90        347      0.928      0.917      0.972      0.724
[训练进度] epoch 83/100 mAP50=0.9721 mAP50-95=0.7244

      Epoch    GPU_mem   box_loss   cls_loss   dfl_loss  Instances       Size


                   all         90        347      0.938      0.909      0.971      0.712
[训练进度] epoch 84/100 mAP50=0.9709 mAP50-95=0.7115

      Epoch    GPU_mem   box_loss   cls_loss   dfl_loss  Instances       Size


                   all         90        347      0.918      0.926      0.972      0.724
[训练进度] epoch 85/100 mAP50=0.9716 mAP50-95=0.7243

      Epoch    GPU_mem   box_loss   cls_loss   dfl_loss  Instances       Size


                   all         90        347      0.908      0.966      0.968      0.717
[训练进度] epoch 86/100 mAP50=0.9676 mAP50-95=0.7170

      Epoch    GPU_mem   box_loss   cls_loss   dfl_loss  Instances       Size


                   all         90        347      0.908      0.945      0.975      0.735
[训练进度] epoch 87/100 mAP50=0.9754 mAP50-95=0.7348

      Epoch    GPU_mem   box_loss   cls_loss   dfl_loss  Instances       Size


                   all         90        347      0.919      0.935      0.975      0.725
[训练进度] epoch 88/100 mAP50=0.9748 mAP50-95=0.7253

      Epoch    GPU_mem   box_loss   cls_loss   dfl_loss  Instances       Size


                   all         90        347       0.93      0.926      0.974      0.734
[训练进度] epoch 89/100 mAP50=0.9737 mAP50-95=0.7341

      Epoch    GPU_mem   box_loss   cls_loss   dfl_loss  Instances       Size


                   all         90        347      0.921       0.93      0.973      0.741
[训练进度] epoch 90/100 mAP50=0.9733 mAP50-95=0.7409
Closing dataloader mosaic

      Epoch    GPU_mem   box_loss   cls_loss   dfl_loss  Instances       Size


                   all         90        347       0.89      0.962      0.978      0.733
[训练进度] epoch 91/100 mAP50=0.9779 mAP50-95=0.7326

      Epoch    GPU_mem   box_loss   cls_loss   dfl_loss  Instances       Size


                   all         90        347      0.926      0.921      0.978      0.734
[训练进度] epoch 92/100 mAP50=0.9784 mAP50-95=0.7343

      Epoch    GPU_mem   box_loss   cls_loss   dfl_loss  Instances       Size


                   all         90        347      0.946      0.898      0.977      0.741
[训练进度] epoch 93/100 mAP50=0.9773 mAP50-95=0.7408

      Epoch    GPU_mem   box_loss   cls_loss   dfl_loss  Instances       Size


                   all         90        347      0.909      0.932      0.976      0.741
[训练进度] epoch 94/100 mAP50=0.9759 mAP50-95=0.7414

      Epoch    GPU_mem   box_loss   cls_loss   dfl_loss  Instances       Size


                   all         90        347      0.939      0.903      0.974      0.744
[训练进度] epoch 95/100 mAP50=0.9736 mAP50-95=0.7437

      Epoch    GPU_mem   box_loss   cls_loss   dfl_loss  Instances       Size


                   all         90        347      0.923       0.94      0.979       0.74
[训练进度] epoch 96/100 mAP50=0.9786 mAP50-95=0.7399

      Epoch    GPU_mem   box_loss   cls_loss   dfl_loss  Instances       Size


                   all         90        347      0.916      0.945      0.977      0.746
[训练进度] epoch 97/100 mAP50=0.9772 mAP50-95=0.7465

      Epoch    GPU_mem   box_loss   cls_loss   dfl_loss  Instances       Size


                   all         90        347      0.916      0.949      0.978      0.734
[训练进度] epoch 98/100 mAP50=0.9777 mAP50-95=0.7340

      Epoch    GPU_mem   box_loss   cls_loss   dfl_loss  Instances       Size


                   all         90        347      0.907      0.963      0.977      0.743
[训练进度] epoch 99/100 mAP50=0.9769 mAP50-95=0.7428

      Epoch    GPU_mem   box_loss   cls_loss   dfl_loss  Instances       Size


                   all         90        347      0.905      0.955      0.976      0.752
[训练进度] epoch 100/100 mAP50=0.9763 mAP50-95=0.7518

100 epochs completed in 0.517 hours.
Optimizer stripped from /root/2026Summer/Task1/experiments/yolov8n_XBY_phone_keyboard_bottle_640x480_batch16/weights/last.pt, 6.2MB
Optimizer stripped from /root/2026Summer/Task1/experiments/yolov8n_XBY_phone_keyboard_bottle_640x480_batch16/weights/best.pt, 6.2MB

Validating /root/2026Summer/Task1/experiments/yolov8n_XBY_phone_keyboard_bottle_640x480_batch16/weights/best.pt...
Ultralytics 8.4.127 🚀 Python-3.10.12 torch-2.5.1+cu124 CUDA:0 (NVIDIA GeForce RTX 4060, 8188MiB)
Model summary (fused): 73 layers, 3,006,233 parameters, 0 gradients, 8.1 GFLOPs

                   all         90        347      0.905      0.955      0.976      0.751
                 phone         76        126      0.928      0.992      0.988      0.795
              keyboard         86        149      0.815      0.953      0.963      0.792
                bottle         72         72      0.971      0.921      0.978      0.668
Speed: 1.5ms preprocess, 1.6ms inference, 0.0ms loss, 10.4ms postprocess per image
Results saved to [1m/root/2026Summer/Task1/experiments/yolov8n_XBY_phone_keyboard_bottle_640x480_batch16[0m
[训练进度] epoch 101/100 mAP50=0.9764 mAP50-95=0.7514
[结果] loss 曲线已保存：/root/2026Summer/Task1/experiments/yolov8n_XBY_phone_keyboard_bottle_640x480_batch16/results/loss_curves.png
[结果] 最佳模型：/root/2026Summer/Task1/experiments/yolov8n_XBY_phone_keyboard_bottle_640x480_batch16/weights/best.pt
[评估] 开始在 test 集上评估……
WARNING ⚠️ updating to 'imgsz=640'. 'train' and 'val' imgsz must be an integer, while 'predict' and 'export' imgsz may be a [h, w] list or an integer, i.e. 'yolo export imgsz=640,480' or 'yolo export imgsz=640'
Ultralytics 8.4.127 🚀 Python-3.10.12 torch-2.5.1+cu124 CUDA:0 (NVIDIA GeForce RTX 4060, 8188MiB)
Model summary (fused): 73 layers, 3,006,233 parameters, 0 gradients, 8.1 GFLOPs
[34m[1mval: [0mFast image access ✅ (ping: 0.0±0.0 ms, read: 1739.2±1318.8 MB/s, size: 2780.0 KB)

[34m[1mval: [0mNew cache created: /root/2026Summer/Task1/experiments/yolov8n_XBY_phone_keyboard_bottle_640x480_batch16/normalized_dataset/test/labels.cache

                   all        104        440      0.963      0.919      0.937      0.729
                 phone         87        158      0.985      0.845      0.879       0.67
              keyboard        102        223      0.964      0.964      0.983      0.791
                bottle         59         59       0.94      0.949      0.948      0.726
Speed: 1.8ms preprocess, 3.7ms inference, 0.0ms loss, 7.6ms postprocess per image
Results saved to [1m/root/2026Summer/Task1/experiments/yolov8n_XBY_phone_keyboard_bottle_640x480_batch16/test_eval[0m
[结果] 测试指标已保存：/root/2026Summer/Task1/experiments/yolov8n_XBY_phone_keyboard_bottle_640x480_batch16/results/test_metrics.json
[错误样例进度] 1/104
[错误样例进度] 10/104
[错误样例进度] 20/104
[错误样例进度] 30/104
[错误样例进度] 40/104
[错误样例进度] 50/104
[错误样例进度] 60/104
[错误样例进度] 70/104
[错误样例进度] 80/104
[错误样例进度] 90/104
[错误样例进度] 100/104
[错误样例进度] 104/104
[结果] 已保存 12 张典型错误图片：/root/2026Summer/Task1/experiments/yolov8n_XBY_phone_keyboard_bottle_640x480_batch16/results/error_examples
[完成] 训练、测试评估、loss 曲线和典型错误图片均已生成。
