========================================================================
Task1 目标检测训练
数据集：/root/2026Summer/Task1/dataset_nongfu_checked
输出目录：/root/2026Summer/Task1/experiments/yolov8n_lowres_640x480
[数据] 训练图片：1284，验证图片：73，测试图片：95
[数据] 标准框：4608，多边形转框：0，非法标签行：0
[数据] 规范化配置：/root/2026Summer/Task1/experiments/yolov8n_lowres_640x480/configs/normalized_data.yaml
[训练] 模型：yolov8n.pt
[训练] 输入尺寸：480x640，GPU：0，batch：16
Ultralytics 8.4.127 🚀 Python-3.10.12 torch-2.5.1+cu124 CUDA:0 (NVIDIA GeForce RTX 4060, 8188MiB)
[34m[1mengine/trainer: [0magnostic_nms=False, amp=True, angle=1.0, augment=False, auto_augment=randaugment, batch=16, bgr=0.0, box=7.5, cache=False, cfg=None, channels_last=False, classes=None, close_mosaic=10, cls=0.5, cls_pw=0.0, cls_remap=True, compile=False, conf=None, copy_paste=0.0, copy_paste_mode=flip, cos_lr=False, cutmix=0.0, data=/root/2026Summer/Task1/experiments/yolov8n_lowres_640x480/configs/normalized_data.yaml, degrees=7.0, deterministic=True, device=0, dfl=1.5, dgrad=0.5, dis=6.0, distill_model=None, dlam=1.0, dlog=1.0, dnn=False, dropout=0.0, dynamic=False, embed=None, end2end=None, epochs=100, erasing=0.4, exist_ok=True, fliplr=0.5, flipud=0.0, format=torchscript, fraction=1.0, freeze=None, hsv_h=0.015, hsv_s=0.5, hsv_v=0.4, imgsz=[480, 640], iou=0.7, keras=False, kobj=1.0, line_width=None, lr0=0.01, lrf=0.01, mask_ratio=4, max_det=300, mixup=0.0, mode=train, model=yolov8n.pt, momentum=0.937, mosaic=0.5, multi_scale=0.0, name=yolov8n_lowres_640x480, nbs=64, nms=False, opset=None, optimize=False, optimizer=auto, overlap_mask=True, patience=30, perspective=0.0005, plots=True, pose=12.0, pretrained=True, profile=False, project=/root/2026Summer/Task1/experiments, quantize=None, rect=False, resume=False, retina_masks=False, rle=1.0, save=True, save_conf=False, save_crop=False, save_dir=/root/2026Summer/Task1/experiments/yolov8n_lowres_640x480, save_frames=False, save_json=False, save_period=10, save_txt=False, scale=0.3, seed=42, shear=2.0, show=False, show_boxes=True, show_conf=True, show_labels=True, simplify=True, single_cls=False, source=None, split=val, stream_buffer=False, task=detect, time=None, tracker=tracktrack.yaml, translate=0.08, val=True, verbose=True, vid_stride=1, visualize=False, warmup_bias_lr=0.1, warmup_epochs=3.0, warmup_momentum=0.8, weight_decay=0.0005, workers=4, workspace=None
Overriding model.yaml nc=80 with nc=3

                   from  n    params  module                                       arguments
  0                  -1  1       464  ultralytics.nn.modules.conv.Conv             [3, 16, 3, 2]
  1                  -1  1      4672  ultralytics.nn.modules.conv.Conv             [16, 32, 3, 2]
  2                  -1  1      7360  ultralytics.nn.modules.block.C2f             [32, 32, 1, True]
  3                  -1  1     18560  ultralytics.nn.modules.conv.Conv             [32, 64, 3, 2]
  4                  -1  2     49664  ultralytics.nn.modules.block.C2f             [64, 64, 2, True]
  5                  -1  1     73984  ultralytics.nn.modules.conv.Conv             [64, 128, 3, 2]
  6                  -1  2    197632  ultralytics.nn.modules.block.C2f             [128, 128, 2, True]
  7                  -1  1    295424  ultralytics.nn.modules.conv.Conv             [128, 256, 3, 2]
  8                  -1  1    460288  ultralytics.nn.modules.block.C2f             [256, 256, 1, True]
  9                  -1  1    164608  ultralytics.nn.modules.block.SPPF            [256, 256, 5]
 10                  -1  1         0  torch.nn.modules.upsampling.Upsample         [None, 2, 'nearest']
 11             [-1, 6]  1         0  ultralytics.nn.modules.conv.Concat           [1]
 12                  -1  1    148224  ultralytics.nn.modules.block.C2f             [384, 128, 1]
 13                  -1  1         0  torch.nn.modules.upsampling.Upsample         [None, 2, 'nearest']
 14             [-1, 4]  1         0  ultralytics.nn.modules.conv.Concat           [1]
 15                  -1  1     37248  ultralytics.nn.modules.block.C2f             [192, 64, 1]
 16                  -1  1     36992  ultralytics.nn.modules.conv.Conv             [64, 64, 3, 2]
 17            [-1, 12]  1         0  ultralytics.nn.modules.conv.Concat           [1]
 18                  -1  1    123648  ultralytics.nn.modules.block.C2f             [192, 128, 1]
 19                  -1  1    147712  ultralytics.nn.modules.conv.Conv             [128, 128, 3, 2]
 20             [-1, 9]  1         0  ultralytics.nn.modules.conv.Concat           [1]
 21                  -1  1    493056  ultralytics.nn.modules.block.C2f             [384, 256, 1]
 22        [15, 18, 21]  1    751897  ultralytics.nn.modules.head.Detect           [3, 16, None, [64, 128, 256]]
Model summary: 130 layers, 3,011,433 parameters, 3,011,417 gradients, 8.2 GFLOPs

Remapped 1/3 cls head rows from pretrained weights by class name
Transferred 322/355 items from pretrained weights
Freezing layer 'model.22.dfl.conv.weight'
[34m[1mAMP: [0mrunning Automatic Mixed Precision (AMP) checks...
[34m[1mAMP: [0mchecks passed ✅
WARNING ⚠️ updating to 'imgsz=640'. 'train' and 'val' imgsz must be an integer, while 'predict' and 'export' imgsz may be a [h, w] list or an integer, i.e. 'yolo export imgsz=640,480' or 'yolo export imgsz=640'
[34m[1mtrain: [0mFast image access ✅ (ping: 0.0±0.0 ms, read: 2699.7±1130.0 MB/s, size: 23.6 KB)

[34m[1mtrain: [0mNew cache created: /root/2026Summer/Task1/experiments/yolov8n_lowres_640x480/normalized_dataset/train/labels.cache
[34m[1mval: [0mFast image access ✅ (ping: 0.0±0.0 ms, read: 3056.2±1461.1 MB/s, size: 46.7 KB)

[34m[1mval: [0mNew cache created: /root/2026Summer/Task1/experiments/yolov8n_lowres_640x480/normalized_dataset/valid/labels.cache
[34m[1moptimizer:[0m 'optimizer=auto' found, ignoring 'lr0=0.01' and 'momentum=0.937' and determining best 'optimizer', 'lr0' and 'momentum' automatically...
[34m[1moptimizer:[0m AdamW(lr=0.001429, momentum=0.9) with parameter groups 57 weight(decay=0.0), 64 weight(decay=0.0005), 63 bias(decay=0.0)
Plotting labels to /root/2026Summer/Task1/experiments/yolov8n_lowres_640x480/labels.jpg...
Image sizes 640 train, 640 val
Using 4 dataloader workers
Logging results to [1m/root/2026Summer/Task1/experiments/yolov8n_lowres_640x480[0m
Starting training for 100 epochs...

      Epoch    GPU_mem   box_loss   cls_loss   dfl_loss  Instances       Size


                   all         73        300      0.832      0.514      0.837      0.612
[训练进度] epoch 1/100 mAP50=0.8374 mAP50-95=0.6116

      Epoch    GPU_mem   box_loss   cls_loss   dfl_loss  Instances       Size


                   all         73        300      0.822      0.789      0.834      0.604
[训练进度] epoch 2/100 mAP50=0.8341 mAP50-95=0.6036

      Epoch    GPU_mem   box_loss   cls_loss   dfl_loss  Instances       Size


                   all         73        300       0.77      0.807      0.838      0.567
[训练进度] epoch 3/100 mAP50=0.8381 mAP50-95=0.5671

      Epoch    GPU_mem   box_loss   cls_loss   dfl_loss  Instances       Size


                   all         73        300       0.83       0.79      0.805      0.612
[训练进度] epoch 4/100 mAP50=0.8052 mAP50-95=0.6117

      Epoch    GPU_mem   box_loss   cls_loss   dfl_loss  Instances       Size


                   all         73        300      0.868      0.877      0.868      0.609
[训练进度] epoch 5/100 mAP50=0.8679 mAP50-95=0.6092

      Epoch    GPU_mem   box_loss   cls_loss   dfl_loss  Instances       Size


                   all         73        300      0.809      0.849      0.854      0.627
[训练进度] epoch 6/100 mAP50=0.8543 mAP50-95=0.6272

      Epoch    GPU_mem   box_loss   cls_loss   dfl_loss  Instances       Size


                   all         73        300      0.789       0.76      0.815      0.601
[训练进度] epoch 7/100 mAP50=0.8151 mAP50-95=0.6014

      Epoch    GPU_mem   box_loss   cls_loss   dfl_loss  Instances       Size


                   all         73        300      0.862      0.857      0.829      0.616
[训练进度] epoch 8/100 mAP50=0.8286 mAP50-95=0.6156

      Epoch    GPU_mem   box_loss   cls_loss   dfl_loss  Instances       Size


                   all         73        300      0.839      0.864      0.825      0.553
[训练进度] epoch 9/100 mAP50=0.8249 mAP50-95=0.5531

      Epoch    GPU_mem   box_loss   cls_loss   dfl_loss  Instances       Size


                   all         73        300      0.848      0.849      0.857       0.54
[训练进度] epoch 10/100 mAP50=0.8571 mAP50-95=0.5403

      Epoch    GPU_mem   box_loss   cls_loss   dfl_loss  Instances       Size


                   all         73        300      0.851        0.8      0.825      0.576
[训练进度] epoch 11/100 mAP50=0.8246 mAP50-95=0.5757

      Epoch    GPU_mem   box_loss   cls_loss   dfl_loss  Instances       Size


                   all         73        300      0.878      0.776      0.821      0.623
[训练进度] epoch 12/100 mAP50=0.8206 mAP50-95=0.6233

      Epoch    GPU_mem   box_loss   cls_loss   dfl_loss  Instances       Size


                   all         73        300      0.861      0.855      0.864      0.609
[训练进度] epoch 13/100 mAP50=0.8644 mAP50-95=0.6091

      Epoch    GPU_mem   box_loss   cls_loss   dfl_loss  Instances       Size


                   all         73        300      0.874      0.769      0.783      0.587
[训练进度] epoch 14/100 mAP50=0.7830 mAP50-95=0.5874

      Epoch    GPU_mem   box_loss   cls_loss   dfl_loss  Instances       Size


                   all         73        300      0.845      0.787      0.809      0.601
[训练进度] epoch 15/100 mAP50=0.8091 mAP50-95=0.6012

      Epoch    GPU_mem   box_loss   cls_loss   dfl_loss  Instances       Size


                   all         73        300       0.89      0.744      0.766      0.547
[训练进度] epoch 16/100 mAP50=0.7659 mAP50-95=0.5473

      Epoch    GPU_mem   box_loss   cls_loss   dfl_loss  Instances       Size


                   all         73        300      0.891       0.86      0.846      0.624
[训练进度] epoch 17/100 mAP50=0.8465 mAP50-95=0.6238

      Epoch    GPU_mem   box_loss   cls_loss   dfl_loss  Instances       Size


                   all         73        300      0.821      0.815      0.819      0.602
[训练进度] epoch 18/100 mAP50=0.8189 mAP50-95=0.6018

      Epoch    GPU_mem   box_loss   cls_loss   dfl_loss  Instances       Size


                   all         73        300       0.88      0.834      0.865      0.653
[训练进度] epoch 19/100 mAP50=0.8654 mAP50-95=0.6527

      Epoch    GPU_mem   box_loss   cls_loss   dfl_loss  Instances       Size


                   all         73        300      0.828      0.831      0.802      0.596
[训练进度] epoch 20/100 mAP50=0.8016 mAP50-95=0.5964

      Epoch    GPU_mem   box_loss   cls_loss   dfl_loss  Instances       Size


                   all         73        300      0.866      0.768      0.819      0.594
[训练进度] epoch 21/100 mAP50=0.8192 mAP50-95=0.5944

      Epoch    GPU_mem   box_loss   cls_loss   dfl_loss  Instances       Size


                   all         73        300      0.875      0.763      0.811      0.557
[训练进度] epoch 22/100 mAP50=0.8106 mAP50-95=0.5571

      Epoch    GPU_mem   box_loss   cls_loss   dfl_loss  Instances       Size


                   all         73        300      0.851      0.852       0.84      0.585
[训练进度] epoch 23/100 mAP50=0.8397 mAP50-95=0.5852

      Epoch    GPU_mem   box_loss   cls_loss   dfl_loss  Instances       Size


                   all         73        300      0.843       0.86      0.826      0.625
[训练进度] epoch 24/100 mAP50=0.8264 mAP50-95=0.6251

      Epoch    GPU_mem   box_loss   cls_loss   dfl_loss  Instances       Size


                   all         73        300      0.858      0.858      0.892      0.631
[训练进度] epoch 25/100 mAP50=0.8921 mAP50-95=0.6310

      Epoch    GPU_mem   box_loss   cls_loss   dfl_loss  Instances       Size


                   all         73        300      0.875      0.777      0.796      0.605
[训练进度] epoch 26/100 mAP50=0.7963 mAP50-95=0.6055

      Epoch    GPU_mem   box_loss   cls_loss   dfl_loss  Instances       Size


                   all         73        300      0.845      0.863      0.841       0.61
[训练进度] epoch 27/100 mAP50=0.8408 mAP50-95=0.6097

      Epoch    GPU_mem   box_loss   cls_loss   dfl_loss  Instances       Size


                   all         73        300      0.882      0.835      0.834      0.652
[训练进度] epoch 28/100 mAP50=0.8337 mAP50-95=0.6516

      Epoch    GPU_mem   box_loss   cls_loss   dfl_loss  Instances       Size


                   all         73        300       0.88      0.835      0.837      0.593
[训练进度] epoch 29/100 mAP50=0.8370 mAP50-95=0.5929

      Epoch    GPU_mem   box_loss   cls_loss   dfl_loss  Instances       Size


                   all         73        300      0.865      0.793      0.835      0.593
[训练进度] epoch 30/100 mAP50=0.8354 mAP50-95=0.5927

      Epoch    GPU_mem   box_loss   cls_loss   dfl_loss  Instances       Size


                   all         73        300      0.852      0.836      0.818      0.604
[训练进度] epoch 31/100 mAP50=0.8181 mAP50-95=0.6036

      Epoch    GPU_mem   box_loss   cls_loss   dfl_loss  Instances       Size


                   all         73        300      0.856      0.769      0.767      0.546
[训练进度] epoch 32/100 mAP50=0.7667 mAP50-95=0.5459

      Epoch    GPU_mem   box_loss   cls_loss   dfl_loss  Instances       Size


                   all         73        300      0.877      0.786       0.83      0.649
[训练进度] epoch 33/100 mAP50=0.8305 mAP50-95=0.6494

      Epoch    GPU_mem   box_loss   cls_loss   dfl_loss  Instances       Size


                   all         73        300      0.866      0.776      0.818      0.582
[训练进度] epoch 34/100 mAP50=0.8183 mAP50-95=0.5824

      Epoch    GPU_mem   box_loss   cls_loss   dfl_loss  Instances       Size


                   all         73        300      0.858      0.779      0.816      0.597
[训练进度] epoch 35/100 mAP50=0.8165 mAP50-95=0.5966

      Epoch    GPU_mem   box_loss   cls_loss   dfl_loss  Instances       Size


                   all         73        300      0.865      0.815      0.825      0.636
[训练进度] epoch 36/100 mAP50=0.8252 mAP50-95=0.6355

      Epoch    GPU_mem   box_loss   cls_loss   dfl_loss  Instances       Size


                   all         73        300       0.85      0.833      0.823       0.59
[训练进度] epoch 37/100 mAP50=0.8226 mAP50-95=0.5898

      Epoch    GPU_mem   box_loss   cls_loss   dfl_loss  Instances       Size


                   all         73        300      0.858      0.812      0.819      0.599
[训练进度] epoch 38/100 mAP50=0.8190 mAP50-95=0.5988

      Epoch    GPU_mem   box_loss   cls_loss   dfl_loss  Instances       Size


                   all         73        300      0.878      0.814      0.844      0.577
[训练进度] epoch 39/100 mAP50=0.8435 mAP50-95=0.5772

      Epoch    GPU_mem   box_loss   cls_loss   dfl_loss  Instances       Size


                   all         73        300      0.866      0.833      0.825      0.618
[训练进度] epoch 40/100 mAP50=0.8250 mAP50-95=0.6178

      Epoch    GPU_mem   box_loss   cls_loss   dfl_loss  Instances       Size


                   all         73        300      0.873      0.811      0.828       0.62
[训练进度] epoch 41/100 mAP50=0.8280 mAP50-95=0.6195

      Epoch    GPU_mem   box_loss   cls_loss   dfl_loss  Instances       Size


                   all         73        300      0.856      0.825      0.824      0.563
[训练进度] epoch 42/100 mAP50=0.8245 mAP50-95=0.5632

      Epoch    GPU_mem   box_loss   cls_loss   dfl_loss  Instances       Size


                   all         73        300      0.867      0.866      0.852      0.628
[训练进度] epoch 43/100 mAP50=0.8521 mAP50-95=0.6281

      Epoch    GPU_mem   box_loss   cls_loss   dfl_loss  Instances       Size


                   all         73        300      0.873      0.831      0.847       0.61
[训练进度] epoch 44/100 mAP50=0.8471 mAP50-95=0.6100

      Epoch    GPU_mem   box_loss   cls_loss   dfl_loss  Instances       Size


                   all         73        300      0.855      0.872      0.848      0.598
[训练进度] epoch 45/100 mAP50=0.8477 mAP50-95=0.5982

      Epoch    GPU_mem   box_loss   cls_loss   dfl_loss  Instances       Size


                   all         73        300      0.874       0.85      0.846       0.62
[训练进度] epoch 46/100 mAP50=0.8456 mAP50-95=0.6196

      Epoch    GPU_mem   box_loss   cls_loss   dfl_loss  Instances       Size


                   all         73        300      0.855      0.827      0.817      0.589
[训练进度] epoch 47/100 mAP50=0.8171 mAP50-95=0.5895

      Epoch    GPU_mem   box_loss   cls_loss   dfl_loss  Instances       Size


                   all         73        300      0.867       0.85      0.865       0.62
[训练进度] epoch 48/100 mAP50=0.8647 mAP50-95=0.6205

      Epoch    GPU_mem   box_loss   cls_loss   dfl_loss  Instances       Size


                   all         73        300      0.873      0.841      0.853      0.588
[34m[1mEarlyStopping: [0mTraining stopped early as no improvement observed in last 30 epochs. Best results observed at epoch 19, best model saved as best.pt.
To update EarlyStopping(patience=30) pass a new patience value, i.e. `patience=300` or use `patience=0` to disable EarlyStopping.
[训练进度] epoch 49/100 mAP50=0.8527 mAP50-95=0.5877

49 epochs completed in 0.120 hours.
Optimizer stripped from /root/2026Summer/Task1/experiments/yolov8n_lowres_640x480/weights/last.pt, 6.2MB
Optimizer stripped from /root/2026Summer/Task1/experiments/yolov8n_lowres_640x480/weights/best.pt, 6.2MB

Validating /root/2026Summer/Task1/experiments/yolov8n_lowres_640x480/weights/best.pt...
Ultralytics 8.4.127 🚀 Python-3.10.12 torch-2.5.1+cu124 CUDA:0 (NVIDIA GeForce RTX 4060, 8188MiB)
Model summary (fused): 73 layers, 3,006,233 parameters, 0 gradients, 8.1 GFLOPs

                   all         73        300       0.88      0.834      0.866      0.653
              keyboard         73        163      0.883      0.822      0.918      0.691
         nongfu_spring         49         49      0.862      0.816      0.794      0.552
                 phone         54         88      0.894      0.862      0.884      0.715
Speed: 0.2ms preprocess, 1.7ms inference, 0.0ms loss, 1.1ms postprocess per image
Results saved to [1m/root/2026Summer/Task1/experiments/yolov8n_lowres_640x480[0m
[训练进度] epoch 50/100 mAP50=0.8655 mAP50-95=0.6525
[结果] loss 曲线已保存：/root/2026Summer/Task1/experiments/yolov8n_lowres_640x480/results/loss_curves.png
[结果] 最佳模型：/root/2026Summer/Task1/experiments/yolov8n_lowres_640x480/weights/best.pt
[评估] 开始在 test 集上评估……
WARNING ⚠️ updating to 'imgsz=640'. 'train' and 'val' imgsz must be an integer, while 'predict' and 'export' imgsz may be a [h, w] list or an integer, i.e. 'yolo export imgsz=640,480' or 'yolo export imgsz=640'
Ultralytics 8.4.127 🚀 Python-3.10.12 torch-2.5.1+cu124 CUDA:0 (NVIDIA GeForce RTX 4060, 8188MiB)
Model summary (fused): 73 layers, 3,006,233 parameters, 0 gradients, 8.1 GFLOPs
[34m[1mval: [0mFast image access ✅ (ping: 0.0±0.0 ms, read: 3568.1±952.9 MB/s, size: 45.8 KB)

[34m[1mval: [0mNew cache created: /root/2026Summer/Task1/experiments/yolov8n_lowres_640x480/normalized_dataset/test/labels.cache

                   all         95        366      0.825      0.931      0.908      0.668
              keyboard         95        228      0.972      0.908      0.978      0.744
         nongfu_spring         29         29       0.69      0.996      0.883      0.606
                 phone         78        109      0.815       0.89      0.863      0.654
Speed: 0.8ms preprocess, 2.2ms inference, 0.0ms loss, 4.8ms postprocess per image
Results saved to [1m/root/2026Summer/Task1/experiments/yolov8n_lowres_640x480/test_eval[0m
[结果] 测试指标已保存：/root/2026Summer/Task1/experiments/yolov8n_lowres_640x480/results/test_metrics.json
[错误样例进度] 1/95
[错误样例进度] 10/95
[错误样例进度] 20/95
[错误样例进度] 30/95
[错误样例进度] 40/95
[错误样例进度] 50/95
[错误样例进度] 60/95
[错误样例进度] 70/95
[错误样例进度] 80/95
[错误样例进度] 90/95
[错误样例进度] 95/95
[结果] 已保存 12 张典型错误图片：/root/2026Summer/Task1/experiments/yolov8n_lowres_640x480/results/error_examples
[完成] 训练、测试评估、loss 曲线和典型错误图片均已生成。
