========================================================================
Task1 目标检测训练
数据集：/root/2026Summer/Task1/dataset_XBY
输出目录：/root/2026Summer/Task1/experiments/yolov8n_XBY_phone_keyboard_bottle_640x480
[数据] 训练图片：488，验证图片：90，测试图片：104
[数据] 标准框：2370，多边形转框：1，非法标签行：0
[数据] 规范化配置：/root/2026Summer/Task1/experiments/yolov8n_XBY_phone_keyboard_bottle_640x480/configs/normalized_data.yaml
[训练] 模型：yolov8n.pt
[训练] 输入尺寸：480x640，GPU：0，batch：16
Ultralytics 8.4.127 🚀 Python-3.10.12 torch-2.5.1+cu124 CUDA:0 (NVIDIA GeForce RTX 4060, 8188MiB)
[34m[1mengine/trainer: [0magnostic_nms=False, amp=True, angle=1.0, augment=False, auto_augment=randaugment, batch=16, bgr=0.0, box=7.5, cache=False, cfg=None, channels_last=False, classes=None, close_mosaic=10, cls=0.5, cls_pw=0.0, cls_remap=True, compile=False, conf=None, copy_paste=0.0, copy_paste_mode=flip, cos_lr=False, cutmix=0.0, data=/root/2026Summer/Task1/experiments/yolov8n_XBY_phone_keyboard_bottle_640x480/configs/normalized_data.yaml, degrees=7.0, deterministic=True, device=0, dfl=1.5, dgrad=0.5, dis=6.0, distill_model=None, dlam=1.0, dlog=1.0, dnn=False, dropout=0.0, dynamic=False, embed=None, end2end=None, epochs=100, erasing=0.4, exist_ok=True, fliplr=0.5, flipud=0.0, format=torchscript, fraction=1.0, freeze=None, hsv_h=0.015, hsv_s=0.5, hsv_v=0.4, imgsz=[480, 640], iou=0.7, keras=False, kobj=1.0, line_width=None, lr0=0.01, lrf=0.01, mask_ratio=4, max_det=300, mixup=0.0, mode=train, model=yolov8n.pt, momentum=0.937, mosaic=0.5, multi_scale=0.0, name=yolov8n_XBY_phone_keyboard_bottle_640x480, nbs=64, nms=False, opset=None, optimize=False, optimizer=auto, overlap_mask=True, patience=30, perspective=0.0005, plots=True, pose=12.0, pretrained=True, profile=False, project=/root/2026Summer/Task1/experiments, quantize=None, rect=False, resume=False, retina_masks=False, rle=1.0, save=True, save_conf=False, save_crop=False, save_dir=/root/2026Summer/Task1/experiments/yolov8n_XBY_phone_keyboard_bottle_640x480, save_frames=False, save_json=False, save_period=-1, save_txt=False, scale=0.3, seed=42, shear=2.0, show=False, show_boxes=True, show_conf=True, show_labels=True, simplify=True, single_cls=False, source=None, split=val, stream_buffer=False, task=detect, time=None, tracker=tracktrack.yaml, translate=0.08, val=True, verbose=True, vid_stride=1, visualize=False, warmup_bias_lr=0.1, warmup_epochs=3.0, warmup_momentum=0.8, weight_decay=0.0005, workers=4, workspace=None
Overriding model.yaml nc=80 with nc=3

                   from  n    params  module                                       arguments                     
  0                  -1  1       464  ultralytics.nn.modules.conv.Conv             [3, 16, 3, 2]                 
  1                  -1  1      4672  ultralytics.nn.modules.conv.Conv             [16, 32, 3, 2]                
  2                  -1  1      7360  ultralytics.nn.modules.block.C2f             [32, 32, 1, True]             
  3                  -1  1     18560  ultralytics.nn.modules.conv.Conv             [32, 64, 3, 2]                
  4                  -1  2     49664  ultralytics.nn.modules.block.C2f             [64, 64, 2, True]             
  5                  -1  1     73984  ultralytics.nn.modules.conv.Conv             [64, 128, 3, 2]               
  6                  -1  2    197632  ultralytics.nn.modules.block.C2f             [128, 128, 2, True]           
  7                  -1  1    295424  ultralytics.nn.modules.conv.Conv             [128, 256, 3, 2]              
  8                  -1  1    460288  ultralytics.nn.modules.block.C2f             [256, 256, 1, True]           
  9                  -1  1    164608  ultralytics.nn.modules.block.SPPF            [256, 256, 5]                 
 10                  -1  1         0  torch.nn.modules.upsampling.Upsample         [None, 2, 'nearest']          
 11             [-1, 6]  1         0  ultralytics.nn.modules.conv.Concat           [1]                           
 12                  -1  1    148224  ultralytics.nn.modules.block.C2f             [384, 128, 1]                 
 13                  -1  1         0  torch.nn.modules.upsampling.Upsample         [None, 2, 'nearest']          
 14             [-1, 4]  1         0  ultralytics.nn.modules.conv.Concat           [1]                           
 15                  -1  1     37248  ultralytics.nn.modules.block.C2f             [192, 64, 1]                  
 16                  -1  1     36992  ultralytics.nn.modules.conv.Conv             [64, 64, 3, 2]                
 17            [-1, 12]  1         0  ultralytics.nn.modules.conv.Concat           [1]                           
 18                  -1  1    123648  ultralytics.nn.modules.block.C2f             [192, 128, 1]                 
 19                  -1  1    147712  ultralytics.nn.modules.conv.Conv             [128, 128, 3, 2]              
 20             [-1, 9]  1         0  ultralytics.nn.modules.conv.Concat           [1]                           
 21                  -1  1    493056  ultralytics.nn.modules.block.C2f             [384, 256, 1]                 
 22        [15, 18, 21]  1    751897  ultralytics.nn.modules.head.Detect           [3, 16, None, [64, 128, 256]] 
Model summary: 130 layers, 3,011,433 parameters, 3,011,417 gradients, 8.2 GFLOPs

Remapped 2/3 cls head rows from pretrained weights by class name
Transferred 322/355 items from pretrained weights
Freezing layer 'model.22.dfl.conv.weight'
[34m[1mAMP: [0mrunning Automatic Mixed Precision (AMP) checks...
[34m[1mAMP: [0mchecks passed ✅
WARNING ⚠️ updating to 'imgsz=640'. 'train' and 'val' imgsz must be an integer, while 'predict' and 'export' imgsz may be a [h, w] list or an integer, i.e. 'yolo export imgsz=640,480' or 'yolo export imgsz=640'
[34m[1mtrain: [0mFast image access ✅ (ping: 0.0±0.0 ms, read: 4283.9±509.4 MB/s, size: 2777.6 KB)

[34m[1mtrain: [0mNew cache created: /root/2026Summer/Task1/experiments/yolov8n_XBY_phone_keyboard_bottle_640x480/normalized_dataset/train/labels.cache
[34m[1mval: [0mFast image access ✅ (ping: 0.0±0.0 ms, read: 1762.5±723.7 MB/s, size: 2946.4 KB)

[34m[1mval: [0mNew cache created: /root/2026Summer/Task1/experiments/yolov8n_XBY_phone_keyboard_bottle_640x480/normalized_dataset/valid/labels.cache
[34m[1moptimizer:[0m 'optimizer=auto' found, ignoring 'lr0=0.01' and 'momentum=0.937' and determining best 'optimizer', 'lr0' and 'momentum' automatically... 
[34m[1moptimizer:[0m AdamW(lr=0.001429, momentum=0.9) with parameter groups 57 weight(decay=0.0), 64 weight(decay=0.0005), 63 bias(decay=0.0)
Plotting labels to /root/2026Summer/Task1/experiments/yolov8n_XBY_phone_keyboard_bottle_640x480/labels.jpg... 
Image sizes 640 train, 640 val
Using 4 dataloader workers
Logging results to [1m/root/2026Summer/Task1/experiments/yolov8n_XBY_phone_keyboard_bottle_640x480[0m
Starting training for 100 epochs...

      Epoch    GPU_mem   box_loss   cls_loss   dfl_loss  Instances       Size


                   all         90        347      0.582      0.363       0.42      0.276
[训练进度] epoch 1/100 mAP50=0.4198 mAP50-95=0.2760

      Epoch    GPU_mem   box_loss   cls_loss   dfl_loss  Instances       Size

